Importer Log Report
Document: C:\Users\adity\Desktop\First PCB Project\STMWidthSensing\STMWidthSensing.kicad_sch
    Section : Loading Schematic - C:\Users\adity\Desktop\First PCB Project\STMWidthSensing\STMWidthSensing.kicad_sch
        Warning: Unknown child generator_version of kicad_sch.
        Warning: Unknown child exclude_from_sim of symbol.
        Warning: Unknown child embedded_fonts of symbol.
        Warning: Unknown child exclude_from_sim of symbol.
        Warning: Unknown child embedded_fonts of symbol.
        Warning: Unknown child exclude_from_sim of symbol.
        Warning: Unknown child embedded_fonts of symbol.
        Warning: Unknown child exclude_from_sim of symbol.
        Warning: Unknown child show_name of property.
        Warning: Unknown child show_name of property.
        Warning: Unknown child hide of pin.
        Warning: Unknown child embedded_fonts of symbol.
        Warning: Unknown child exclude_from_sim of symbol.
        Warning: Unknown child embedded_fonts of symbol.
        Warning: Unknown child exclude_from_sim of symbol.
        Warning: Unknown child embedded_fonts of symbol.
        Warning: Unknown child exclude_from_sim of symbol.
        Warning: Unknown child embedded_fonts of symbol.
        Warning: Unknown child exclude_from_sim of symbol.
        Warning: Unknown child alternate of pin.
        Warning: Unknown child alternate of pin.
        Warning: Unknown child alternate of pin.
        Warning: Unknown child alternate of pin.
        Warning: Unknown child alternate of pin.
        Warning: Unknown child alternate of pin.
        Warning: Unknown child alternate of pin.
        Warning: Unknown child alternate of pin.
        Warning: Unknown child alternate of pin.
        Warning: Unknown child alternate of pin.
        Warning: Unknown child alternate of pin.
        Warning: Unknown child alternate of pin.
        Warning: Unknown child alternate of pin.
        Warning: Unknown child alternate of pin.
        Warning: Unknown child alternate of pin.
        Warning: Unknown child alternate of pin.
        Warning: Unknown child alternate of pin.
        Warning: Unknown child alternate of pin.
        Warning: Unknown child alternate of pin.
        Warning: Unknown child alternate of pin.
        Warning: Unknown child alternate of pin.
        Warning: Unknown child alternate of pin.
        Warning: Unknown child alternate of pin.
        Warning: Unknown child alternate of pin.
        Warning: Unknown child alternate of pin.
        Warning: Unknown child alternate of pin.
        Warning: Unknown child alternate of pin.
        Warning: Unknown child alternate of pin.
        Warning: Unknown child alternate of pin.
        Warning: Unknown child alternate of pin.
        Warning: Unknown child alternate of pin.
        Warning: Unknown child alternate of pin.
        Warning: Unknown child alternate of pin.
        Warning: Unknown child alternate of pin.
        Warning: Unknown child alternate of pin.
        Warning: Unknown child alternate of pin.
        Warning: Unknown child alternate of pin.
        Warning: Unknown child alternate of pin.
        Warning: Unknown child alternate of pin.
        Warning: Unknown child alternate of pin.
        Warning: Unknown child alternate of pin.
        Warning: Unknown child alternate of pin.
        Warning: Unknown child alternate of pin.
        Warning: Unknown child alternate of pin.
        Warning: Unknown child alternate of pin.
        Warning: Unknown child alternate of pin.
        Warning: Unknown child alternate of pin.
        Warning: Unknown child alternate of pin.
        Warning: Unknown child alternate of pin.
        Warning: Unknown child alternate of pin.
        Warning: Unknown child alternate of pin.
        Warning: Unknown child alternate of pin.
        Warning: Unknown child alternate of pin.
        Warning: Unknown child alternate of pin.
        Warning: Unknown child alternate of pin.
        Warning: Unknown child alternate of pin.
        Warning: Unknown child alternate of pin.
        Warning: Unknown child alternate of pin.
        Warning: Unknown child alternate of pin.
        Warning: Unknown child hide of pin.
        Warning: Unknown child hide of pin.
        Warning: Unknown child alternate of pin.
        Warning: Unknown child alternate of pin.
        Warning: Unknown child alternate of pin.
        Warning: Unknown child alternate of pin.
        Warning: Unknown child alternate of pin.
        Warning: Unknown child alternate of pin.
        Warning: Unknown child alternate of pin.
        Warning: Unknown child alternate of pin.
        Warning: Unknown child alternate of pin.
        Warning: Unknown child alternate of pin.
        Warning: Unknown child alternate of pin.
        Warning: Unknown child alternate of pin.
        Warning: Unknown child alternate of pin.
        Warning: Unknown child alternate of pin.
        Warning: Unknown child alternate of pin.
        Warning: Unknown child alternate of pin.
        Warning: Unknown child alternate of pin.
        Warning: Unknown child alternate of pin.
        Warning: Unknown child alternate of pin.
        Warning: Unknown child alternate of pin.
        Warning: Unknown child alternate of pin.
        Warning: Unknown child alternate of pin.
        Warning: Unknown child alternate of pin.
        Warning: Unknown child alternate of pin.
        Warning: Unknown child alternate of pin.
        Warning: Unknown child alternate of pin.
        Warning: Unknown child alternate of pin.
        Warning: Unknown child alternate of pin.
        Warning: Unknown child alternate of pin.
        Warning: Unknown child alternate of pin.
        Warning: Unknown child alternate of pin.
        Warning: Unknown child alternate of pin.
        Warning: Unknown child alternate of pin.
        Warning: Unknown child alternate of pin.
        Warning: Unknown child alternate of pin.
        Warning: Unknown child alternate of pin.
        Warning: Unknown child alternate of pin.
        Warning: Unknown child alternate of pin.
        Warning: Unknown child alternate of pin.
        Warning: Unknown child alternate of pin.
        Warning: Unknown child alternate of pin.
        Warning: Unknown child alternate of pin.
        Warning: Unknown child alternate of pin.
        Warning: Unknown child alternate of pin.
        Warning: Unknown child alternate of pin.
        Warning: Unknown child alternate of pin.
        Warning: Unknown child alternate of pin.
        Warning: Unknown child alternate of pin.
        Warning: Unknown child alternate of pin.
        Warning: Unknown child alternate of pin.
        Warning: Unknown child alternate of pin.
        Warning: Unknown child alternate of pin.
        Warning: Unknown child alternate of pin.
        Warning: Unknown child alternate of pin.
        Warning: Unknown child alternate of pin.
        Warning: Unknown child alternate of pin.
        Warning: Unknown child alternate of pin.
        Warning: Unknown child alternate of pin.
        Warning: Unknown child alternate of pin.
        Warning: Unknown child alternate of pin.
        Warning: Unknown child embedded_fonts of symbol.
        Warning: Unknown child exclude_from_sim of symbol.
        Warning: Unknown child embedded_fonts of symbol.
        Warning: Unknown child exclude_from_sim of symbol.
        Warning: Unknown child embedded_fonts of symbol.
        Warning: Unknown child exclude_from_sim of symbol.
        Warning: Unknown child embedded_fonts of symbol.
        Warning: Unknown child exclude_from_sim of symbol.
        Warning: Unknown child hide of pin.
        Warning: Unknown child hide of pin.
        Warning: Unknown child hide of pin.
        Warning: Unknown child hide of pin.
        Warning: Unknown child hide of pin.
        Warning: Unknown child embedded_fonts of symbol.
        Warning: Unknown child exclude_from_sim of symbol.
        Warning: Unknown child embedded_fonts of symbol.
        Warning: Unknown child exclude_from_sim of symbol.
        Warning: Unknown child embedded_fonts of symbol.
        Warning: Unknown child exclude_from_sim of symbol.
        Warning: Unknown child embedded_fonts of symbol.
        Warning: Unknown child exclude_from_sim of symbol.
        Warning: Unknown child embedded_fonts of symbol.
        Warning: Unknown child exclude_from_sim of symbol.
        Warning: Unknown child embedded_fonts of symbol.
        Warning: Unknown child exclude_from_sim of text.
        Warning: Unknown child exclude_from_sim of text.
        Warning: Unknown child exclude_from_sim of text.
        Warning: Unknown child exclude_from_sim of text.
        Warning: Unknown child exclude_from_sim of text.
        Warning: Unknown child exclude_from_sim of text.
        Warning: Unknown child exclude_from_sim of text.
        Warning: Unknown child exclude_from_sim of text.
        Warning: Unknown child exclude_from_sim of text.
        Warning: Unknown child exclude_from_sim of text.
        Warning: Unknown child exclude_from_sim of text.
        Warning: Unknown child exclude_from_sim of symbol.
        Warning: Unknown child exclude_from_sim of symbol.
        Warning: Unknown child exclude_from_sim of symbol.
        Warning: Unknown child exclude_from_sim of symbol.
        Warning: Unknown child exclude_from_sim of symbol.
        Warning: Unknown child exclude_from_sim of symbol.
        Warning: Unknown child exclude_from_sim of symbol.
        Warning: Unknown child exclude_from_sim of symbol.
        Warning: Unknown child exclude_from_sim of symbol.
        Warning: Unknown child exclude_from_sim of symbol.
        Warning: Unknown child exclude_from_sim of symbol.
        Warning: Unknown child exclude_from_sim of symbol.
        Warning: Unknown child exclude_from_sim of symbol.
        Warning: Unknown child exclude_from_sim of symbol.
        Warning: Unknown child exclude_from_sim of symbol.
        Warning: Unknown child exclude_from_sim of symbol.
        Warning: Unknown child exclude_from_sim of symbol.
        Warning: Unknown child exclude_from_sim of symbol.
        Warning: Unknown child exclude_from_sim of symbol.
        Warning: Unknown child exclude_from_sim of symbol.
        Warning: Unknown child exclude_from_sim of symbol.
        Warning: Unknown child exclude_from_sim of symbol.
        Warning: Unknown child exclude_from_sim of symbol.
        Warning: Unknown child show_name of property.
        Warning: Unknown child show_name of property.
        Warning: Unknown child exclude_from_sim of symbol.
        Warning: Unknown child exclude_from_sim of symbol.
        Warning: Unknown child exclude_from_sim of symbol.
        Warning: Unknown child exclude_from_sim of symbol.
        Warning: Unknown child exclude_from_sim of symbol.
        Warning: Unknown child exclude_from_sim of symbol.
        Warning: Unknown child exclude_from_sim of symbol.
        Warning: Unknown child exclude_from_sim of symbol.
        Warning: Unknown child exclude_from_sim of symbol.
        Warning: Unknown child exclude_from_sim of symbol.
        Warning: Unknown child exclude_from_sim of symbol.
        Warning: Unknown child exclude_from_sim of symbol.
        Warning: Unknown child exclude_from_sim of symbol.
        Warning: Unknown child exclude_from_sim of symbol.
        Warning: Unknown child exclude_from_sim of symbol.
        Warning: Unknown child exclude_from_sim of symbol.
        Warning: Unknown child exclude_from_sim of symbol.
        Warning: Unknown child exclude_from_sim of symbol.
        Warning: Unknown child exclude_from_sim of symbol.
        Warning: Unknown child exclude_from_sim of symbol.
        Warning: Unknown child exclude_from_sim of symbol.
        Warning: Unknown child exclude_from_sim of symbol.
        Warning: Unknown child exclude_from_sim of symbol.
        Warning: Unknown child exclude_from_sim of symbol.
        Warning: Unknown child exclude_from_sim of symbol.
        Warning: Unknown child exclude_from_sim of symbol.
        Warning: Unknown child exclude_from_sim of symbol.
        Warning: Unknown child exclude_from_sim of symbol.
        Warning: Unknown child exclude_from_sim of symbol.
        Warning: Unknown child exclude_from_sim of symbol.
        Warning: Unknown child exclude_from_sim of symbol.
        Warning: Unknown child exclude_from_sim of symbol.
        Warning: Unknown child exclude_from_sim of symbol.
        Warning: Unknown child exclude_from_sim of symbol.
        Warning: Unknown child exclude_from_sim of symbol.
        Warning: Unknown child exclude_from_sim of symbol.
        Warning: Unknown child exclude_from_sim of symbol.
        Warning: Unknown child exclude_from_sim of symbol.
        Warning: Unknown child exclude_from_sim of symbol.
        Warning: Unknown child exclude_from_sim of symbol.
        Warning: Unknown child exclude_from_sim of symbol.
        Warning: Unknown child exclude_from_sim of symbol.
        Warning: Unknown child exclude_from_sim of symbol.
        Warning: Unknown child exclude_from_sim of symbol.
        Warning: Unknown child exclude_from_sim of symbol.
        Warning: Unknown child exclude_from_sim of symbol.
        Warning: Unknown child embedded_fonts of kicad_sch.
    EndSection
    Section : Loading Schematic - C:\Users\adity\Desktop\First PCB Project\STMWidthSensing\STMWidthSensing.kicad_sch
        Warning: Unknown child generator_version of kicad_sch.
        Warning: Unknown child exclude_from_sim of symbol.
        Warning: Unknown child embedded_fonts of symbol.
        Warning: Unknown child exclude_from_sim of symbol.
        Warning: Unknown child embedded_fonts of symbol.
        Warning: Unknown child exclude_from_sim of symbol.
        Warning: Unknown child embedded_fonts of symbol.
        Warning: Unknown child exclude_from_sim of symbol.
        Warning: Unknown child show_name of property.
        Warning: Unknown child show_name of property.
        Warning: Unknown child hide of pin.
        Warning: Unknown child embedded_fonts of symbol.
        Warning: Unknown child exclude_from_sim of symbol.
        Warning: Unknown child embedded_fonts of symbol.
        Warning: Unknown child exclude_from_sim of symbol.
        Warning: Unknown child embedded_fonts of symbol.
        Warning: Unknown child exclude_from_sim of symbol.
        Warning: Unknown child embedded_fonts of symbol.
        Warning: Unknown child exclude_from_sim of symbol.
        Warning: Unknown child alternate of pin.
        Warning: Unknown child alternate of pin.
        Warning: Unknown child alternate of pin.
        Warning: Unknown child alternate of pin.
        Warning: Unknown child alternate of pin.
        Warning: Unknown child alternate of pin.
        Warning: Unknown child alternate of pin.
        Warning: Unknown child alternate of pin.
        Warning: Unknown child alternate of pin.
        Warning: Unknown child alternate of pin.
        Warning: Unknown child alternate of pin.
        Warning: Unknown child alternate of pin.
        Warning: Unknown child alternate of pin.
        Warning: Unknown child alternate of pin.
        Warning: Unknown child alternate of pin.
        Warning: Unknown child alternate of pin.
        Warning: Unknown child alternate of pin.
        Warning: Unknown child alternate of pin.
        Warning: Unknown child alternate of pin.
        Warning: Unknown child alternate of pin.
        Warning: Unknown child alternate of pin.
        Warning: Unknown child alternate of pin.
        Warning: Unknown child alternate of pin.
        Warning: Unknown child alternate of pin.
        Warning: Unknown child alternate of pin.
        Warning: Unknown child alternate of pin.
        Warning: Unknown child alternate of pin.
        Warning: Unknown child alternate of pin.
        Warning: Unknown child alternate of pin.
        Warning: Unknown child alternate of pin.
        Warning: Unknown child alternate of pin.
        Warning: Unknown child alternate of pin.
        Warning: Unknown child alternate of pin.
        Warning: Unknown child alternate of pin.
        Warning: Unknown child alternate of pin.
        Warning: Unknown child alternate of pin.
        Warning: Unknown child alternate of pin.
        Warning: Unknown child alternate of pin.
        Warning: Unknown child alternate of pin.
        Warning: Unknown child alternate of pin.
        Warning: Unknown child alternate of pin.
        Warning: Unknown child alternate of pin.
        Warning: Unknown child alternate of pin.
        Warning: Unknown child alternate of pin.
        Warning: Unknown child alternate of pin.
        Warning: Unknown child alternate of pin.
        Warning: Unknown child alternate of pin.
        Warning: Unknown child alternate of pin.
        Warning: Unknown child alternate of pin.
        Warning: Unknown child alternate of pin.
        Warning: Unknown child alternate of pin.
        Warning: Unknown child alternate of pin.
        Warning: Unknown child alternate of pin.
        Warning: Unknown child alternate of pin.
        Warning: Unknown child alternate of pin.
        Warning: Unknown child alternate of pin.
        Warning: Unknown child alternate of pin.
        Warning: Unknown child alternate of pin.
        Warning: Unknown child alternate of pin.
        Warning: Unknown child hide of pin.
        Warning: Unknown child hide of pin.
        Warning: Unknown child alternate of pin.
        Warning: Unknown child alternate of pin.
        Warning: Unknown child alternate of pin.
        Warning: Unknown child alternate of pin.
        Warning: Unknown child alternate of pin.
        Warning: Unknown child alternate of pin.
        Warning: Unknown child alternate of pin.
        Warning: Unknown child alternate of pin.
        Warning: Unknown child alternate of pin.
        Warning: Unknown child alternate of pin.
        Warning: Unknown child alternate of pin.
        Warning: Unknown child alternate of pin.
        Warning: Unknown child alternate of pin.
        Warning: Unknown child alternate of pin.
        Warning: Unknown child alternate of pin.
        Warning: Unknown child alternate of pin.
        Warning: Unknown child alternate of pin.
        Warning: Unknown child alternate of pin.
        Warning: Unknown child alternate of pin.
        Warning: Unknown child alternate of pin.
        Warning: Unknown child alternate of pin.
        Warning: Unknown child alternate of pin.
        Warning: Unknown child alternate of pin.
        Warning: Unknown child alternate of pin.
        Warning: Unknown child alternate of pin.
        Warning: Unknown child alternate of pin.
        Warning: Unknown child alternate of pin.
        Warning: Unknown child alternate of pin.
        Warning: Unknown child alternate of pin.
        Warning: Unknown child alternate of pin.
        Warning: Unknown child alternate of pin.
        Warning: Unknown child alternate of pin.
        Warning: Unknown child alternate of pin.
        Warning: Unknown child alternate of pin.
        Warning: Unknown child alternate of pin.
        Warning: Unknown child alternate of pin.
        Warning: Unknown child alternate of pin.
        Warning: Unknown child alternate of pin.
        Warning: Unknown child alternate of pin.
        Warning: Unknown child alternate of pin.
        Warning: Unknown child alternate of pin.
        Warning: Unknown child alternate of pin.
        Warning: Unknown child alternate of pin.
        Warning: Unknown child alternate of pin.
        Warning: Unknown child alternate of pin.
        Warning: Unknown child alternate of pin.
        Warning: Unknown child alternate of pin.
        Warning: Unknown child alternate of pin.
        Warning: Unknown child alternate of pin.
        Warning: Unknown child alternate of pin.
        Warning: Unknown child alternate of pin.
        Warning: Unknown child alternate of pin.
        Warning: Unknown child alternate of pin.
        Warning: Unknown child alternate of pin.
        Warning: Unknown child alternate of pin.
        Warning: Unknown child alternate of pin.
        Warning: Unknown child alternate of pin.
        Warning: Unknown child alternate of pin.
        Warning: Unknown child alternate of pin.
        Warning: Unknown child alternate of pin.
        Warning: Unknown child embedded_fonts of symbol.
        Warning: Unknown child exclude_from_sim of symbol.
        Warning: Unknown child embedded_fonts of symbol.
        Warning: Unknown child exclude_from_sim of symbol.
        Warning: Unknown child embedded_fonts of symbol.
        Warning: Unknown child exclude_from_sim of symbol.
        Warning: Unknown child embedded_fonts of symbol.
        Warning: Unknown child exclude_from_sim of symbol.
        Warning: Unknown child hide of pin.
        Warning: Unknown child hide of pin.
        Warning: Unknown child hide of pin.
        Warning: Unknown child hide of pin.
        Warning: Unknown child hide of pin.
        Warning: Unknown child embedded_fonts of symbol.
        Warning: Unknown child exclude_from_sim of symbol.
        Warning: Unknown child embedded_fonts of symbol.
        Warning: Unknown child exclude_from_sim of symbol.
        Warning: Unknown child embedded_fonts of symbol.
        Warning: Unknown child exclude_from_sim of symbol.
        Warning: Unknown child embedded_fonts of symbol.
        Warning: Unknown child exclude_from_sim of symbol.
        Warning: Unknown child embedded_fonts of symbol.
        Warning: Unknown child exclude_from_sim of symbol.
        Warning: Unknown child embedded_fonts of symbol.
        Warning: Unknown child exclude_from_sim of text.
        Warning: Unknown child exclude_from_sim of text.
        Warning: Unknown child exclude_from_sim of text.
        Warning: Unknown child exclude_from_sim of text.
        Warning: Unknown child exclude_from_sim of text.
        Warning: Unknown child exclude_from_sim of text.
        Warning: Unknown child exclude_from_sim of text.
        Warning: Unknown child exclude_from_sim of text.
        Warning: Unknown child exclude_from_sim of text.
        Warning: Unknown child exclude_from_sim of text.
        Warning: Unknown child exclude_from_sim of text.
        Warning: Unknown child exclude_from_sim of symbol.
        Warning: Unknown child exclude_from_sim of symbol.
        Warning: Unknown child exclude_from_sim of symbol.
        Warning: Unknown child exclude_from_sim of symbol.
        Warning: Unknown child exclude_from_sim of symbol.
        Warning: Unknown child exclude_from_sim of symbol.
        Warning: Unknown child exclude_from_sim of symbol.
        Warning: Unknown child exclude_from_sim of symbol.
        Warning: Unknown child exclude_from_sim of symbol.
        Warning: Unknown child exclude_from_sim of symbol.
        Warning: Unknown child exclude_from_sim of symbol.
        Warning: Unknown child exclude_from_sim of symbol.
        Warning: Unknown child exclude_from_sim of symbol.
        Warning: Unknown child exclude_from_sim of symbol.
        Warning: Unknown child exclude_from_sim of symbol.
        Warning: Unknown child exclude_from_sim of symbol.
        Warning: Unknown child exclude_from_sim of symbol.
        Warning: Unknown child exclude_from_sim of symbol.
        Warning: Unknown child exclude_from_sim of symbol.
        Warning: Unknown child exclude_from_sim of symbol.
        Warning: Unknown child exclude_from_sim of symbol.
        Warning: Unknown child exclude_from_sim of symbol.
        Warning: Unknown child exclude_from_sim of symbol.
        Warning: Unknown child show_name of property.
        Warning: Unknown child show_name of property.
        Warning: Unknown child exclude_from_sim of symbol.
        Warning: Unknown child exclude_from_sim of symbol.
        Warning: Unknown child exclude_from_sim of symbol.
        Warning: Unknown child exclude_from_sim of symbol.
        Warning: Unknown child exclude_from_sim of symbol.
        Warning: Unknown child exclude_from_sim of symbol.
        Warning: Unknown child exclude_from_sim of symbol.
        Warning: Unknown child exclude_from_sim of symbol.
        Warning: Unknown child exclude_from_sim of symbol.
        Warning: Unknown child exclude_from_sim of symbol.
        Warning: Unknown child exclude_from_sim of symbol.
        Warning: Unknown child exclude_from_sim of symbol.
        Warning: Unknown child exclude_from_sim of symbol.
        Warning: Unknown child exclude_from_sim of symbol.
        Warning: Unknown child exclude_from_sim of symbol.
        Warning: Unknown child exclude_from_sim of symbol.
        Warning: Unknown child exclude_from_sim of symbol.
        Warning: Unknown child exclude_from_sim of symbol.
        Warning: Unknown child exclude_from_sim of symbol.
        Warning: Unknown child exclude_from_sim of symbol.
        Warning: Unknown child exclude_from_sim of symbol.
        Warning: Unknown child exclude_from_sim of symbol.
        Warning: Unknown child exclude_from_sim of symbol.
        Warning: Unknown child exclude_from_sim of symbol.
        Warning: Unknown child exclude_from_sim of symbol.
        Warning: Unknown child exclude_from_sim of symbol.
        Warning: Unknown child exclude_from_sim of symbol.
        Warning: Unknown child exclude_from_sim of symbol.
        Warning: Unknown child exclude_from_sim of symbol.
        Warning: Unknown child exclude_from_sim of symbol.
        Warning: Unknown child exclude_from_sim of symbol.
        Warning: Unknown child exclude_from_sim of symbol.
        Warning: Unknown child exclude_from_sim of symbol.
        Warning: Unknown child exclude_from_sim of symbol.
        Warning: Unknown child exclude_from_sim of symbol.
        Warning: Unknown child exclude_from_sim of symbol.
        Warning: Unknown child exclude_from_sim of symbol.
        Warning: Unknown child exclude_from_sim of symbol.
        Warning: Unknown child exclude_from_sim of symbol.
        Warning: Unknown child exclude_from_sim of symbol.
        Warning: Unknown child exclude_from_sim of symbol.
        Warning: Unknown child exclude_from_sim of symbol.
        Warning: Unknown child exclude_from_sim of symbol.
        Warning: Unknown child exclude_from_sim of symbol.
        Warning: Unknown child exclude_from_sim of symbol.
        Warning: Unknown child exclude_from_sim of symbol.
        Warning: Unknown child embedded_fonts of kicad_sch.
    EndSection
